src/App.tsx(18,25): error TS2339: Property 'moodTrend' does not exist on type 'UseMoodTrackerReturn'.
src/App.tsx(18,25): error TS6133: 'moodTrend' is declared but its value is never read.
